// Jest Snapshot v1, https://goo.gl/fbAQLP

exports[`App component test matches snapshot 1`] = `
<div
  className="App"
>
  <header>
    <div />
  </header>
  <div
    className="App-body"
  >
    <img
      alt="logo"
      className="App-logo"
      src="logo.svg"
    />
    <p>
      Edit 
      <code>
        src/components/App/App.js
      </code>
       and save to reload.
    </p>
    <a
      className="App-link"
      href="https://reactjs.org"
      rel="noopener noreferrer"
      target="_blank"
    >
      Learn React
    </a>
  </div>
</div>
`;
